[TestE2E - 1]
ID Repo Name                    Status  Patchsets User     Date
2  test feat: lets build an rnn [draft] 1         b6caf904 
1  test feat: lets build an rnn [draft] 1         582df2ac 

---

[TestE2E - 2]
ID Repo Name                    Status  Patchsets User     Date
3  draft-repo feat: lets build an rnn [open]  1         b6caf904 
2  admin-repo feat: lets build an rnn [draft] 1         582df2ac 
1  test feat: lets build an rnn    [open]  3         b6caf904 

---

[TestE2E - 3]
Repo   PrID PatchsetID Event             Created Data
test   1    ps-1       pr_created                
test   1    ps-2       pr_patchset_added         
test   1               pr_status_changed         {"status":"open"}
test   1    ps-3       pr_patchset_added         
test   1               pr_status_changed         {"status":"open"}

---
